%!Adobe-FontList 1.20
%Locale:0x407

%BeginFont
Handler:DirectoryHandler
FontType:Type1
FontName:MinionPro-Regular
FamilyName:Minion Pro
StyleName:Regular
FullName:Minion Pro
MenuName:Minion Pro
StyleBits:0
WritingScript:Roman
OutlineFileName:C:\Users\mirae\Documents\GitHub\Project-Cherry\Zielgruppenanalyse Ordner\Document fonts\MinionPro-Regular.otf
DataFormat:sfntData
UsesStandardEncoding:yes
isCFF:yes
hasSVG:no
VariableFontType:NonVariableFont
FileLength:218640
FileModTime:1582116782
WeightClass:400
WidthClass:5
AngleClass:0
DesignSize:110
NameArray:0,Mac,4,Minion Pro
NameArray:0,Win,1,Minion Pro
%EndFont

%BeginFont
Handler:DirectoryHandler
FontType:TrueType
FontName:SuezOne-Regular
FamilyName:Suez One
StyleName:Regular
FullName:SuezOne-Regular
MenuName:Suez One
StyleBits:0
WritingScript:Roman
OutlineFileName:C:\Users\mirae\Documents\GitHub\Project-Cherry\Zielgruppenanalyse Ordner\Document fonts\SuezOne-Regular.ttf
DataFormat:sfntData
hasSVG:no
VariableFontType:NonVariableFont
FileLength:68092
FileModTime:1587361599
WeightClass:400
WidthClass:5
AngleClass:0
NameArray:0,Win,1,Suez One
%EndFont

