%!Adobe-FontList 1.22
%Locale:0x407

%BeginFont
Handler:DirectoryHandler
FontType:TrueType
FontName:Roboto-Black
FamilyName:Roboto
StyleName:Black
FullName:Roboto Black
MenuName:Roboto Bk
StyleBits:2
WritingScript:Roman
OutlineFileName:D:\Users\Scorp\Documents\GitHub\Project-Cherry\Doku Ordner\Document fonts\Roboto-Black.ttf
DataFormat:sfntData
hasSVG:no
VariableFontType:NonVariableFont
FileLength:164936
FileModTime:1587568991
WeightClass:400
WidthClass:5
AngleClass:0
NameArray:0,Mac,18,Roboto Black
NameArray:0,Mac,4,Roboto Black
NameArray:0,Win,1,Roboto Bk
NameArray:0,Win,16,Roboto
%EndFont

%BeginFont
Handler:DirectoryHandler
FontType:TrueType
FontName:Roboto-Medium
FamilyName:Roboto
StyleName:Medium
FullName:Roboto Medium
MenuName:Roboto Lt
StyleBits:0
WritingScript:Roman
OutlineFileName:D:\Users\Scorp\Documents\GitHub\Project-Cherry\Doku Ordner\Document fonts\Roboto-Medium.ttf
DataFormat:sfntData
hasSVG:no
VariableFontType:NonVariableFont
FileLength:160696
FileModTime:1587568991
WeightClass:500
WidthClass:5
AngleClass:0
NameArray:0,Mac,18,Roboto Medium
NameArray:0,Mac,4,Roboto Medium
NameArray:0,Win,1,Roboto Lt
NameArray:0,Win,16,Roboto
%EndFont

%BeginFont
Handler:DirectoryHandler
FontType:TrueType
FontName:Roboto-Regular
FamilyName:Roboto
StyleName:Regular
FullName:Roboto Regular
MenuName:Roboto
StyleBits:0
WritingScript:Roman
OutlineFileName:D:\Users\Scorp\Documents\GitHub\Project-Cherry\Doku Ordner\Document fonts\Roboto-Regular.ttf
DataFormat:sfntData
hasSVG:no
VariableFontType:NonVariableFont
FileLength:158604
FileModTime:1587568991
WeightClass:400
WidthClass:5
AngleClass:0
NameArray:0,Mac,18,Roboto Regular
NameArray:0,Mac,4,Roboto Regular
NameArray:0,Win,1,Roboto
%EndFont

